## MenuCategory處理程序測試

測試概要：
1. createMenuCategory函數測試
   - 測試成功創建菜單分類
   - 測試缺少用戶信息時的錯誤處理
   - 測試缺少租戶ID時的錯誤處理
   - 測試提供可選欄位時的處理
   - 測試Firestore寫入失敗時的錯誤處理

執行測試遇到的問題：
- Jest配置問題導致測試文件路徑無法被正確識別
- TypeScript模擬中存在屬性重複的問題

測試進展：
- 已完成測試文件的編寫
- 由於配置問題，未能成功執行測試

下一步計劃：
- 解決Jest配置問題
- 完善測試環境設置
- 擴展測試覆蓋範圍到其他CRUD處理程序 